// Jest Snapshot v1, https://goo.gl/fbAQLP

exports[`Login render 1`] = `
<div>
  <h1>
    Login page...
  </h1>
  <form>
    <div>
      <label
        htmlFor="login"
      >
        User name:
      </label>
      <input
        name="login"
        onChange={[Function]}
        type="text"
        value=""
      />
    </div>
    <div>
      <label
        htmlFor="password"
      >
        Password:
      </label>
      <input
        name="password"
        onChange={[Function]}
        type="text"
        value=""
      />
    </div>
    <button
      onClick={[Function]}
    >
      Log in
    </button>
    
  </form>
</div>
`;
